// Jest Snapshot v1, https://goo.gl/fbAQLP

exports[`Should render correctly "UniqueTech" to Match Snapshot 1`] = `
<div>
  <withRouter(RenderItem)
    data="test data"
    unique="true"
  />
</div>
`;
