// Jest Snapshot v1, https://goo.gl/fbAQLP

exports[`Should render correctly "Item" to Match Snapshot 1`] = `
<withRouter(RenderItem)
  data=""
/>
`;
