// Jest Snapshot v1, https://goo.gl/fbAQLP

exports[`Should render correctly "LoaderSecondary" to Match Snapshot 1`] = `
<div
  className="small_loader"
>
  <img
    alt="loading..."
    src="Loading.gif"
  />
</div>
`;
